Scanning project...
Using 13 exclusion patterns.
âœ“ Found 4 files in the project.

File Types:
  json: 2 files
  js: 2 files
