Usage: pc config [options] [action] [key] [value]

Manage PairCoder configuration

Arguments:
  action      Action to perform (get, set, reset) (default: "get")
  key         Configuration key
  value       Configuration value (for set action)

Options:
  -h, --help  display help for command
